../Core/Src/main.c:130:5:main	56	static
../Core/Src/main.c:246:6:SystemClock_Config	88	static
../Core/Src/main.c:299:13:MX_CAN1_Init	8	static
../Core/Src/main.c:336:13:MX_TIM1_Init	32	static
../Core/Src/main.c:382:13:MX_USART1_UART_Init	8	static
../Core/Src/main.c:415:13:MX_GPIO_Init	40	static
../Core/Src/main.c:438:6:LaneMarkerSteeringAngle	184	static
../Core/Src/main.c:470:6:vTaskReceiveUART	504	static
../Core/Src/main.c:509:6:vTaskMakeAlgorithm	176	static
../Core/Src/main.c:624:6:vTaskUpdateABS	184	static
../Core/Src/main.c:1020:6:vTaskSendUART	136	static
../Core/Src/main.c:1037:6:vTaskReceiveCAN	136	static
../Core/Src/main.c:1087:6:HAL_CAN_TxMailbox0CompleteCallback	16	static
../Core/Src/main.c:1092:6:HAL_CAN_RxFifo0MsgPendingCallback	16	static
../Core/Src/main.c:1107:6:StartDefaultTask	16	static
../Core/Src/main.c:1127:6:HAL_TIM_PeriodElapsedCallback	16	static
../Core/Src/main.c:1144:6:Error_Handler	4	static,ignoring_inline_asm
