../Core/Src/main.c:470:6:vTaskReceiveUART	496	static
../Core/Src/main.c:1107:6:StartDefaultTask	8	static
../Core/Src/main.c:509:6:vTaskMakeAlgorithm	136	static
../Core/Src/main.c:1020:6:vTaskSendUART	104	static
../Core/Src/main.c:1037:6:vTaskReceiveCAN	72	static
../Core/Src/main.c:246:6:SystemClock_Config	88	static,ignoring_inline_asm
../Core/Src/main.c:130:5:main	64	static,ignoring_inline_asm
../Core/Src/main.c:438:6:LaneMarkerSteeringAngle	80	static
../Core/Src/main.c:624:6:vTaskUpdateABS	176	static
../Core/Src/main.c:1087:6:HAL_CAN_TxMailbox0CompleteCallback	0	static
../Core/Src/main.c:1092:6:HAL_CAN_RxFifo0MsgPendingCallback	8	static
../Core/Src/main.c:1127:6:HAL_TIM_PeriodElapsedCallback	0	static
../Core/Src/main.c:1144:6:Error_Handler	0	static,ignoring_inline_asm
